e4105 momentum: committed 2 order(s) as 0x05838052d9c9d828cb0b7755b5bfec…  tx 0x042302dbb3…
e4105 mean-reversion: committed 2 order(s) as 0x1aa94a04c1328208d8e2930f…  tx 0x6c15724ac9…
e4105 oracle: ETH 2,495.37 · BTC 82,504.01 · ZEN 6.489  tx 0xcfc995eb4a…
e4105 momentum: proof 14,592 B verified on chain, NAV 989,664.33 USDC  tx 0x82df663440…
e4105 mean-reversion: proof 14,592 B verified on chain, NAV 955,041.18 USDC  tx 0x97a5ffdc59…
e4106 momentum: committed 2 order(s) as 0x0d0ffbe2f9790746f48aa63c81acf7…  tx 0xfd92a1e5b3…
e4106 mean-reversion: committed 2 order(s) as 0x01b6aa1d11de97b4b00b0b48…  tx 0x4ecb638d6a…
e4106 oracle: ETH 2,493.07 · BTC 82,458.01 · ZEN 6.487  tx 0x2894185d10…
e4106 momentum: proof 14,592 B verified on chain, NAV 989,372.91 USDC  tx 0xc592671fcf…
e4106 mean-reversion: proof 14,592 B verified on chain, NAV 954,730.31 USDC  tx 0x95c9e7880e…
e4107 momentum: committed 2 order(s) as 0x1af8d811233dfdc0775183af5f0f7c…  tx 0xb27c3d6cc5…
e4107 mean-reversion: committed 2 order(s) as 0x005cdcf5e69bed0cb82ac33f…  tx 0xcc6ae05826…
e4107 oracle: ETH 2,494.28 · BTC 82,442.95 · ZEN 6.482  tx 0x0c1a3be3b1…
e4107 momentum: proof 14,592 B verified on chain, NAV 989,509.90 USDC  tx 0x71914d9678…
e4107 mean-reversion: proof 14,592 B verified on chain, NAV 954,624.67 USDC  tx 0x6b22f36713…
e4108 momentum: committed 2 order(s) as 0x092bff58aa0496a195ece70ef1cc2d…  tx 0x27c96a7b02…
e4108 mean-reversion: committed 2 order(s) as 0x0f9524dbb15a4d4caee8c014…  tx 0x9f192f4105…
e4108 oracle: ETH 2,494.62 · BTC 82,469.50 · ZEN 6.481  tx 0xaa774c969c…
e4108 momentum: proof 14,592 B verified on chain, NAV 989,560.80 USDC  tx 0xdfdf7a67d8…
e4108 mean-reversion: proof 14,592 B verified on chain, NAV 954,614.46 USDC  tx 0xc90bcc0e59…
e4109 momentum: committed 2 order(s) as 0x17db1da0b2b618c23a6b3c7a463b94…  tx 0x4005e3ce2c…
e4109 mean-reversion: committed 2 order(s) as 0x1820eba84c9f5626ebf75dbb…  tx 0x54755166e8…
e4109 oracle: ETH 2,495.89 · BTC 82,507.96 · ZEN 6.487  tx 0x01f7e42c31…
e4109 momentum: proof 14,592 B verified on chain, NAV 989,719.10 USDC  tx 0x152a247b19…
e4109 mean-reversion: proof 14,592 B verified on chain, NAV 954,742.50 USDC  tx 0x188cdc85c2…
e4110 momentum: committed 1 order(s) as 0x046e5ac2443bb4f50ffb8bb1c81495…  tx 0xf51532227f…
e4110 mean-reversion: committed 2 order(s) as 0x0e9d97e99fba36656c6156cc…  tx 0xfcf3373dda…
e4110 oracle: ETH 2,495.20 · BTC 82,510.01 · ZEN 6.480  tx 0xeca7a8b125…
e4110 momentum: proof 14,592 B verified on chain, NAV 989,626.82 USDC  tx 0x26e0cdd05f…
e4110 mean-reversion: proof 14,592 B verified on chain, NAV 954,491.15 USDC  tx 0x6c381f60bc…
e4111 momentum: committed 2 order(s) as 0x0a275b3232e3abb2f8d8b051fbc229…  tx 0xe739eab8d1…
e4111 mean-reversion: committed 2 order(s) as 0x0403839b9b4c1f23a90ab83d…  tx 0x8a9901c36d…
e4111 oracle: ETH 2,494.51 · BTC 82,515.32 · ZEN 6.491  tx 0xc220275919…
e4111 momentum: proof 14,592 B verified on chain, NAV 989,546.49 USDC  tx 0xec35d6a193…
e4111 mean-reversion: proof 14,592 B verified on chain, NAV 954,733.70 USDC  tx 0x4ddb4d9b8a…
e4112 momentum: committed 2 order(s) as 0x20f018cdb90d1d53bb3551a220e50b…  tx 0xbe74ae2618…
e4112 mean-reversion: committed 2 order(s) as 0x02683e9facc094a28f9e3ea4…  tx 0x3c8b05b61e…
e4112 oracle: ETH 2,493.83 · BTC 82,482.35 · ZEN 6.498  tx 0x73ccadf211…
e4112 momentum: proof 14,592 B verified on chain, NAV 989,363.68 USDC  tx 0xd2e2784a95…
e4112 mean-reversion: proof 14,592 B verified on chain, NAV 955,016.76 USDC  tx 0x36bc9d8e51…
e4113 momentum: committed 2 order(s) as 0x1f27121e5825a2c5e0e2e7ef086e32…  tx 0xb9f38fc817…
e4113 mean-reversion: committed 2 order(s) as 0x1b1fc7518ffafde1e1933daa…  tx 0xb66673888c…
Traceback (most recent call last):
  File "/Applications/Xcode.app/Contents/Developer/Library/Frameworks/Python3.framework/Versions/3.9/lib/python3.9/urllib/request.py", line 1346, in do_open
    h.request(req.get_method(), req.selector, req.data, headers,
  File "/Applications/Xcode.app/Contents/Developer/Library/Frameworks/Python3.framework/Versions/3.9/lib/python3.9/http/client.py", line 1257, in request
    self._send_request(method, url, body, headers, encode_chunked)
  File "/Applications/Xcode.app/Contents/Developer/Library/Frameworks/Python3.framework/Versions/3.9/lib/python3.9/http/client.py", line 1303, in _send_request
    self.endheaders(body, encode_chunked=encode_chunked)
  File "/Applications/Xcode.app/Contents/Developer/Library/Frameworks/Python3.framework/Versions/3.9/lib/python3.9/http/client.py", line 1252, in endheaders
    self._send_output(message_body, encode_chunked=encode_chunked)
  File "/Applications/Xcode.app/Contents/Developer/Library/Frameworks/Python3.framework/Versions/3.9/lib/python3.9/http/client.py", line 1012, in _send_output
    self.send(msg)
  File "/Applications/Xcode.app/Contents/Developer/Library/Frameworks/Python3.framework/Versions/3.9/lib/python3.9/http/client.py", line 952, in send
    self.connect()
  File "/Applications/Xcode.app/Contents/Developer/Library/Frameworks/Python3.framework/Versions/3.9/lib/python3.9/http/client.py", line 1419, in connect
    super().connect()
  File "/Applications/Xcode.app/Contents/Developer/Library/Frameworks/Python3.framework/Versions/3.9/lib/python3.9/http/client.py", line 923, in connect
    self.sock = self._create_connection(
  File "/Applications/Xcode.app/Contents/Developer/Library/Frameworks/Python3.framework/Versions/3.9/lib/python3.9/socket.py", line 822, in create_connection
    for res in getaddrinfo(host, port, 0, SOCK_STREAM):
  File "/Applications/Xcode.app/Contents/Developer/Library/Frameworks/Python3.framework/Versions/3.9/lib/python3.9/socket.py", line 953, in getaddrinfo
    for res in _socket.getaddrinfo(host, port, family, type, proto, flags):
socket.gaierror: [Errno 8] nodename nor servname provided, or not known

During handling of the above exception, another exception occurred:

Traceback (most recent call last):
  File "/Users/eden/data/real-agama/agama-agentic-vaults/agents/run.py", line 78, in spot_prices
    data = {d["symbol"]: float(d["price"]) for d in json.load(urllib.request.urlopen(url.replace('"', "%22"), timeout=10))}
  File "/Applications/Xcode.app/Contents/Developer/Library/Frameworks/Python3.framework/Versions/3.9/lib/python3.9/urllib/request.py", line 214, in urlopen
    return opener.open(url, data, timeout)
  File "/Applications/Xcode.app/Contents/Developer/Library/Frameworks/Python3.framework/Versions/3.9/lib/python3.9/urllib/request.py", line 517, in open
    response = self._open(req, data)
  File "/Applications/Xcode.app/Contents/Developer/Library/Frameworks/Python3.framework/Versions/3.9/lib/python3.9/urllib/request.py", line 534, in _open
    result = self._call_chain(self.handle_open, protocol, protocol +
  File "/Applications/Xcode.app/Contents/Developer/Library/Frameworks/Python3.framework/Versions/3.9/lib/python3.9/urllib/request.py", line 494, in _call_chain
    result = func(*args)
  File "/Applications/Xcode.app/Contents/Developer/Library/Frameworks/Python3.framework/Versions/3.9/lib/python3.9/urllib/request.py", line 1389, in https_open
    return self.do_open(http.client.HTTPSConnection, req,
  File "/Applications/Xcode.app/Contents/Developer/Library/Frameworks/Python3.framework/Versions/3.9/lib/python3.9/urllib/request.py", line 1349, in do_open
    raise URLError(err)
urllib.error.URLError: <urlopen error [Errno 8] nodename nor servname provided, or not known>

During handling of the above exception, another exception occurred:

Traceback (most recent call last):
  File "/Applications/Xcode.app/Contents/Developer/Library/Frameworks/Python3.framework/Versions/3.9/lib/python3.9/urllib/request.py", line 1346, in do_open
    h.request(req.get_method(), req.selector, req.data, headers,
  File "/Applications/Xcode.app/Contents/Developer/Library/Frameworks/Python3.framework/Versions/3.9/lib/python3.9/http/client.py", line 1257, in request
    self._send_request(method, url, body, headers, encode_chunked)
  File "/Applications/Xcode.app/Contents/Developer/Library/Frameworks/Python3.framework/Versions/3.9/lib/python3.9/http/client.py", line 1303, in _send_request
    self.endheaders(body, encode_chunked=encode_chunked)
  File "/Applications/Xcode.app/Contents/Developer/Library/Frameworks/Python3.framework/Versions/3.9/lib/python3.9/http/client.py", line 1252, in endheaders
    self._send_output(message_body, encode_chunked=encode_chunked)
  File "/Applications/Xcode.app/Contents/Developer/Library/Frameworks/Python3.framework/Versions/3.9/lib/python3.9/http/client.py", line 1012, in _send_output
    self.send(msg)
  File "/Applications/Xcode.app/Contents/Developer/Library/Frameworks/Python3.framework/Versions/3.9/lib/python3.9/http/client.py", line 952, in send
    self.connect()
  File "/Applications/Xcode.app/Contents/Developer/Library/Frameworks/Python3.framework/Versions/3.9/lib/python3.9/http/client.py", line 1419, in connect
    super().connect()
  File "/Applications/Xcode.app/Contents/Developer/Library/Frameworks/Python3.framework/Versions/3.9/lib/python3.9/http/client.py", line 923, in connect
    self.sock = self._create_connection(
  File "/Applications/Xcode.app/Contents/Developer/Library/Frameworks/Python3.framework/Versions/3.9/lib/python3.9/socket.py", line 822, in create_connection
    for res in getaddrinfo(host, port, 0, SOCK_STREAM):
  File "/Applications/Xcode.app/Contents/Developer/Library/Frameworks/Python3.framework/Versions/3.9/lib/python3.9/socket.py", line 953, in getaddrinfo
    for res in _socket.getaddrinfo(host, port, family, type, proto, flags):
socket.gaierror: [Errno 8] nodename nor servname provided, or not known

During handling of the above exception, another exception occurred:

Traceback (most recent call last):
  File "/Users/eden/data/real-agama/agama-agentic-vaults/agents/run.py", line 171, in <module>
    epochs(int(sys.argv[2]))
  File "/Users/eden/data/real-agama/agama-agentic-vaults/agents/run.py", line 142, in epochs
    px = spot_prices()
  File "/Users/eden/data/real-agama/agama-agentic-vaults/agents/run.py", line 82, in spot_prices
    d = json.load(urllib.request.urlopen(url, timeout=10))
  File "/Applications/Xcode.app/Contents/Developer/Library/Frameworks/Python3.framework/Versions/3.9/lib/python3.9/urllib/request.py", line 214, in urlopen
    return opener.open(url, data, timeout)
  File "/Applications/Xcode.app/Contents/Developer/Library/Frameworks/Python3.framework/Versions/3.9/lib/python3.9/urllib/request.py", line 517, in open
    response = self._open(req, data)
  File "/Applications/Xcode.app/Contents/Developer/Library/Frameworks/Python3.framework/Versions/3.9/lib/python3.9/urllib/request.py", line 534, in _open
    result = self._call_chain(self.handle_open, protocol, protocol +
  File "/Applications/Xcode.app/Contents/Developer/Library/Frameworks/Python3.framework/Versions/3.9/lib/python3.9/urllib/request.py", line 494, in _call_chain
    result = func(*args)
  File "/Applications/Xcode.app/Contents/Developer/Library/Frameworks/Python3.framework/Versions/3.9/lib/python3.9/urllib/request.py", line 1389, in https_open
    return self.do_open(http.client.HTTPSConnection, req,
  File "/Applications/Xcode.app/Contents/Developer/Library/Frameworks/Python3.framework/Versions/3.9/lib/python3.9/urllib/request.py", line 1349, in do_open
    raise URLError(err)
urllib.error.URLError: <urlopen error [Errno 8] nodename nor servname provided, or not known>
