e4284 momentum: committed 2 order(s) as 0x08b0ee373e47d47976677269a9e09a…  tx 0x2520e50c45…
e4284 mean-reversion: committed 2 order(s) as 0x1e8df2951571727c664edb37…  tx 0xd6ca73e020…
e4284 oracle: ETH 2,498.00 · BTC 83,014.00 · ZEN 6.374  tx 0xa2aa65033d…
e4284 momentum: proof 14,592 B verified on chain, NAV 991,535.20 USDC  tx 0x1494e66e39…
e4284 mean-reversion: proof 14,592 B verified on chain, NAV 951,343.13 USDC  tx 0x7a2723117a…
e4285 momentum: committed 2 order(s) as 0x06e349a5f5a71234671cbe3bae6ab3…  tx 0x1ec078358f…
e4285 mean-reversion: committed 2 order(s) as 0x12f106ec45374e4110baab6d…  tx 0x16f1b5e94a…
e4285 oracle: ETH 2,499.88 · BTC 83,070.01 · ZEN 6.387  tx 0x203811475d…
e4285 momentum: proof 14,592 B verified on chain, NAV 991,985.17 USDC  tx 0x9ae3a9a85c…
e4285 mean-reversion: proof 14,592 B verified on chain, NAV 951,691.58 USDC  tx 0x5761b81478…
e4286 momentum: committed 0 order(s) as 0x0ddcb189010ac4ca7ef7d5c15211b8…  tx 0x49af546d65…
e4286 mean-reversion: committed 2 order(s) as 0x21076f66ce301aefe56942cd…  tx 0x932f4472ed…
e4286 oracle: ETH 2,498.50 · BTC 83,056.81 · ZEN 6.389  tx 0xc9f0a5b7ec…
e4286 momentum: proof 14,592 B verified on chain, NAV 991,738.27 USDC  tx 0x95d9cb39b6…
e4286 mean-reversion: proof 14,592 B verified on chain, NAV 951,750.48 USDC  tx 0xf19ac09c56…
e4287 momentum: committed 2 order(s) as 0x0d37217fd3c3572039f997157382bf…  tx 0xa5bfb02462…
e4287 mean-reversion: committed 1 order(s) as 0x1e4b850ea2e5586eda1cab91…  tx 0xd0b13fe332…
e4287 oracle: ETH 2,503.20 · BTC 83,168.24 · ZEN 6.398  tx 0xbe858ba734…
e4287 momentum: proof 14,592 B verified on chain, NAV 992,857.05 USDC  tx 0x9ef0ca4692…
e4287 mean-reversion: proof 14,592 B verified on chain, NAV 952,275.15 USDC  tx 0x982fa3c5c4…
e4288 momentum: committed 2 order(s) as 0x2c034a48fd17080a280d086e6c6bff…  tx 0xf7186ebbbc…
e4288 mean-reversion: committed 2 order(s) as 0x27055ba1bf0899ae979cb4de…  tx 0xa01928259a…
e4288 oracle: ETH 2,500.08 · BTC 83,074.81 · ZEN 6.382  tx 0x79bb98cc01…
e4288 momentum: proof 14,592 B verified on chain, NAV 992,445.03 USDC  tx 0x4ead2c2a39…
e4288 mean-reversion: proof 14,592 B verified on chain, NAV 951,416.25 USDC  tx 0x09a7274c8e…
e4289 momentum: committed 2 order(s) as 0x27b03bb89da1e985f487e5ddc3b825…  tx 0x5b44cdaf50…
e4289 mean-reversion: committed 2 order(s) as 0x24363dec8c9e6630f8ada722…  tx 0x0ffdb8c568…
e4289 oracle: ETH 2,499.01 · BTC 83,052.00 · ZEN 6.377  tx 0x2cb2b5598f…
e4289 momentum: proof 14,592 B verified on chain, NAV 992,253.36 USDC  tx 0x75dc76e292…
e4289 mean-reversion: proof 14,592 B verified on chain, NAV 951,236.81 USDC  tx 0xe34114023a…
e4290 momentum: committed 2 order(s) as 0x224f325773dda18f79d503037d14d0…  tx 0xedc2b09f83…
e4290 mean-reversion: committed 2 order(s) as 0x19cdeff7c5f61dc4255c6e2b…  tx 0x5e329617ac…
e4290 oracle: ETH 2,498.72 · BTC 83,040.00 · ZEN 6.385  tx 0x36641d78c6…
e4290 momentum: proof 14,592 B verified on chain, NAV 992,217.83 USDC  tx 0x1b1a83a015…
e4290 mean-reversion: proof 14,592 B verified on chain, NAV 951,638.92 USDC  tx 0xe8a4de7bfa…
e4291 momentum: committed 2 order(s) as 0x23004aa7b329bc4db075edb6ea111b…  tx 0x2592f1dc22…
e4291 mean-reversion: committed 1 order(s) as 0x270f42a11032284302506d86…  tx 0x14cc3b82f2…
e4291 oracle: ETH 2,497.87 · BTC 83,131.34 · ZEN 6.384  tx 0xe9a00a1638…
e4291 momentum: proof 14,592 B verified on chain, NAV 992,269.63 USDC  tx 0xda10edd7c1…
e4291 mean-reversion: proof 14,592 B verified on chain, NAV 951,501.39 USDC  tx 0x8dc27a9d9f…
e4292 momentum: committed 2 order(s) as 0x031d938b78143ffb4ecb8942bfc1a1…  tx 0x5bb3c0cf61…
e4292 mean-reversion: committed 2 order(s) as 0x2f2240332d6ea0a6702a7ee3…  tx 0xc4668db048…
e4292 oracle: ETH 2,495.44 · BTC 83,086.00 · ZEN 6.375  tx 0x52fa333d44…
e4292 momentum: proof 14,592 B verified on chain, NAV 992,217.87 USDC  tx 0xf0ea027d6a…
e4292 mean-reversion: proof 14,592 B verified on chain, NAV 950,707.60 USDC  tx 0xc396070a54…
e4293 momentum: committed 2 order(s) as 0x0003f24394234cbf1054ce8df72920…  tx 0xf6741f16e5…
e4293 mean-reversion: committed 2 order(s) as 0x2d8b6afd71e1e6feb07161b6…  tx 0x696df98e5a…
e4293 oracle: ETH 2,494.46 · BTC 83,020.00 · ZEN 6.377  tx 0x045c1523bb…
e4293 momentum: proof 14,592 B verified on chain, NAV 992,105.32 USDC  tx 0xc2f5622830…
e4293 mean-reversion: proof 14,592 B verified on chain, NAV 950,646.55 USDC  tx 0xd51b5f6c14…
e4294 momentum: committed 2 order(s) as 0x1d8e0a91a5b4dc1d1c328f2a940477…  tx 0xa55eec5129…
e4294 mean-reversion: committed 1 order(s) as 0x133865d72f03c0d98b7f33c0…  tx 0x9f2e5c67cf…
e4294 oracle: ETH 2,495.30 · BTC 82,958.01 · ZEN 6.374  tx 0x22fd4ac01c…
e4294 momentum: proof 14,592 B verified on chain, NAV 992,058.46 USDC  tx 0x90579f0e80…
e4294 mean-reversion: proof 14,592 B verified on chain, NAV 950,601.98 USDC  tx 0x8d3501a425…
e4295 momentum: committed 2 order(s) as 0x28c42807baf538ccd36ef1124a1a65…  tx 0x77e141379d…
e4295 mean-reversion: committed 1 order(s) as 0x1cc7500ed0ce1063ca3275c5…  tx 0xc736168ad7…
e4295 oracle: ETH 2,496.58 · BTC 83,006.01 · ZEN 6.381  tx 0x138590d2ba…
e4295 momentum: proof 14,592 B verified on chain, NAV 992,079.89 USDC  tx 0xdfb8ee9947…
e4295 mean-reversion: proof 14,592 B verified on chain, NAV 951,138.08 USDC  tx 0xea2616d9af…
e4296 momentum: committed 2 order(s) as 0x203fdece4ba38473dcb73477155b48…  tx 0x1526f3b25d…
e4296 mean-reversion: committed 2 order(s) as 0x157543e6eab727f66b519f76…  tx 0x2f41130268…
e4296 oracle: ETH 2,484.67 · BTC 82,705.07 · ZEN 6.349  tx 0x5531f14631…
e4296 momentum: proof 14,592 B verified on chain, NAV 991,525.74 USDC  tx 0x1de4128044…
e4296 mean-reversion: proof 14,592 B verified on chain, NAV 947,879.11 USDC  tx 0x1ac3aa3eb0…
e4297 momentum: committed 2 order(s) as 0x1c39fdfbe40bbb949d3928de76a2d0…  tx 0xbe3a1c5ed5…
e4297 mean-reversion: committed 2 order(s) as 0x1d444dea1e3e6c220c84aab5…  tx 0xd7eac8b80d…
e4297 oracle: ETH 2,482.37 · BTC 82,634.22 · ZEN 6.335  tx 0x9c97addc3c…
e4297 momentum: proof 14,592 B verified on chain, NAV 991,240.09 USDC  tx 0xf109fd10de…
e4297 mean-reversion: proof 14,592 B verified on chain, NAV 947,187.40 USDC  tx 0x41fa7ecc32…
e4298 momentum: committed 2 order(s) as 0x17baba759d10acc8c4cd490ef70480…  tx 0xc8731c4dcd…
e4298 mean-reversion: committed 2 order(s) as 0x141abbf965a5817c3d0c7b4c…  tx 0x76fc46b157…
e4298 oracle: ETH 2,481.86 · BTC 82,523.49 · ZEN 6.321  tx 0x603f3da389…
e4298 momentum: proof 14,592 B verified on chain, NAV 991,142.11 USDC  tx 0x84c6dd2fad…
e4298 mean-reversion: proof 14,592 B verified on chain, NAV 946,387.76 USDC  tx 0x3257ff95d1…
e4299 momentum: committed 2 order(s) as 0x0f23f214697a7bcfecf964ce8e4943…  tx 0xcb677d9d6e…
e4299 mean-reversion: committed 1 order(s) as 0x1bf0b7bc37f486abcd76f0b2…  tx 0xa580a019ab…
e4299 oracle: ETH 2,484.44 · BTC 82,550.12 · ZEN 6.325  tx 0x1e0185751b…
e4299 momentum: proof 14,592 B verified on chain, NAV 991,203.78 USDC  tx 0xa859907d29…
e4299 mean-reversion: proof 14,592 B verified on chain, NAV 946,941.64 USDC  tx 0xb2bb5caaf9…
e4300 momentum: committed 2 order(s) as 0x0ca1f4a9978d1a058b5bafd614c045…  tx 0x9ea229a38c…
e4300 mean-reversion: committed 1 order(s) as 0x2efc36423f33eccf296e11a2…  tx 0xf2c1053ad2…
e4300 oracle: ETH 2,484.50 · BTC 82,556.00 · ZEN 6.334  tx 0xbd0b99b163…
e4300 momentum: proof 14,592 B verified on chain, NAV 991,205.41 USDC  tx 0x54d500cdb7…
e4300 mean-reversion: proof 14,592 B verified on chain, NAV 947,421.27 USDC  tx 0x1700df10ee…
e4301 momentum: committed 2 order(s) as 0x04ac4ded5b01fd1ff4d79e63c592d5…  tx 0xa35a73c7b3…
e4301 mean-reversion: committed 2 order(s) as 0x0513f11f921dcaaf045d5efa…  tx 0x4a24592520…
e4301 oracle: ETH 2,487.72 · BTC 82,674.42 · ZEN 6.347  tx 0x7d27313395…
e4301 momentum: proof 14,592 B verified on chain, NAV 991,529.41 USDC  tx 0xe0c5fb039c…
e4301 mean-reversion: proof 14,592 B verified on chain, NAV 948,389.18 USDC  tx 0x2054d620fd…
e4302 momentum: committed 2 order(s) as 0x1fb2dc61e38623f749f72bfecaa97f…  tx 0x2dcd632995…
e4302 mean-reversion: committed 2 order(s) as 0x10d972f78bdbf5098e05107a…  tx 0xf3c66db550…
e4302 oracle: ETH 2,488.38 · BTC 82,720.56 · ZEN 6.353  tx 0x268f90d094…
e4302 momentum: proof 14,592 B verified on chain, NAV 991,707.62 USDC  tx 0x77149fc7a1…
e4302 mean-reversion: proof 14,592 B verified on chain, NAV 948,637.97 USDC  tx 0x912fdb7cc2…
e4303 momentum: committed 2 order(s) as 0x0af49e7f4200adb9510891d0bcb31c…  tx 0x2545d45806…
e4303 mean-reversion: committed 2 order(s) as 0x017eb62ae11ee9c8e1292bb3…  tx 0x315d5d0892…
e4303 oracle: ETH 2,487.31 · BTC 82,690.75 · ZEN 6.345  tx 0x437754067e…
e4303 momentum: proof 14,592 B verified on chain, NAV 991,456.20 USDC  tx 0xa314567f1d…
e4303 mean-reversion: proof 14,592 B verified on chain, NAV 948,409.31 USDC  tx 0x3ecbae73ec…
e4304 momentum: committed 2 order(s) as 0x1d6477d64f38ddceb7bf2e61fd97ab…  tx 0xa839b4747a…
e4304 mean-reversion: committed 2 order(s) as 0x1bf28928f08ca4cb2601e679…  tx 0x0e5f495a80…
e4304 oracle: ETH 2,485.80 · BTC 82,646.00 · ZEN 6.337  tx 0xe99ba88d09…
e4304 momentum: proof 14,592 B verified on chain, NAV 991,057.80 USDC  tx 0x34cab9673e…
e4304 mean-reversion: proof 14,592 B verified on chain, NAV 948,245.26 USDC  tx 0xf889758a19…
e4305 momentum: committed 2 order(s) as 0x22fe05acaa5b1002ec7c09aedcee1f…  tx 0x2d82763549…
e4305 mean-reversion: committed 2 order(s) as 0x2278e6dcff31961e85b9e75d…  tx 0xbe9204a50a…
e4305 oracle: ETH 2,478.83 · BTC 82,480.78 · ZEN 6.292  tx 0xd12baf0d9c…
e4305 momentum: proof 14,592 B verified on chain, NAV 990,225.06 USDC  tx 0x20927760d4…
e4305 mean-reversion: proof 14,592 B verified on chain, NAV 947,656.88 USDC  tx 0xf999f2aaee…
e4306 momentum: committed 2 order(s) as 0x02c88abaf572e35e2c8272e8b63c42…  tx 0x8a0e2ff1c6…
e4306 mean-reversion: committed 2 order(s) as 0x08061a55c61e0ae38ccd95f6…  tx 0xa7b6632422…
e4306 oracle: ETH 2,486.01 · BTC 82,706.00 · ZEN 6.336  tx 0xd206023f26…
e4306 momentum: proof 14,592 B verified on chain, NAV 990,711.69 USDC  tx 0x628bfc539a…
e4306 mean-reversion: proof 14,592 B verified on chain, NAV 949,403.97 USDC  tx 0xe254a517fa…
e4307 momentum: committed 2 order(s) as 0x1dd1e8334f55fc98f561a2baa78c71…  tx 0x980f80ba83…
e4307 mean-reversion: committed 2 order(s) as 0x1f76dc582d9cc3fdda17c249…  tx 0x430831ccca…
e4307 oracle: ETH 2,490.26 · BTC 82,870.54 · ZEN 6.351  tx 0xb8df270f4d…
e4307 momentum: proof 14,592 B verified on chain, NAV 990,872.10 USDC  tx 0xd83bbaa1f7…
e4307 mean-reversion: proof 14,592 B verified on chain, NAV 950,602.70 USDC  tx 0xb21de2c887…
e4308 momentum: committed 2 order(s) as 0x0c00a27efaefafd9330290cfa34c01…  tx 0x8a65be0c53…
e4308 mean-reversion: committed 2 order(s) as 0x0dae0b3aca8e69133db9ad13…  tx 0xb81ec0427e…
e4308 oracle: ETH 2,487.97 · BTC 82,856.00 · ZEN 6.348  tx 0xad5924d967…
e4308 momentum: proof 14,592 B verified on chain, NAV 990,715.87 USDC  tx 0x3df300bd28…
e4308 mean-reversion: proof 14,592 B verified on chain, NAV 950,334.33 USDC  tx 0x743d7622fd…
e4309 momentum: committed 2 order(s) as 0x241dc027ce69eee2285f0d811a86b8…  tx 0x5c93d4c2bb…
e4309 mean-reversion: committed 2 order(s) as 0x2e4613feebc9915e4fc4f1a7…  tx 0xf90a4297ec…
e4309 oracle: ETH 2,483.26 · BTC 82,802.00 · ZEN 6.337  tx 0x1bceb0e463…
e4309 momentum: proof 14,592 B verified on chain, NAV 990,101.06 USDC  tx 0x4d36cc92d5…
e4309 mean-reversion: proof 14,592 B verified on chain, NAV 949,863.57 USDC  tx 0x8027e74e1b…
e4310 momentum: committed 2 order(s) as 0x132f15203deba91cedf8a89e7b708a…  tx 0x556fd35ffe…
e4310 mean-reversion: committed 2 order(s) as 0x2be627a0fc93b88e4ba4416f…  tx 0xf829670971…
e4310 oracle: ETH 2,489.76 · BTC 83,013.50 · ZEN 6.357  tx 0x608f9b0638…
e4310 momentum: proof 14,592 B verified on chain, NAV 990,725.14 USDC  tx 0x71a737b6bf…
e4310 mean-reversion: proof 14,592 B verified on chain, NAV 950,365.06 USDC  tx 0xdc29faeccc…
e4311 momentum: committed 2 order(s) as 0x1d7a84b0603b954e58679e37e20cc1…  tx 0x616258ce9f…
e4311 mean-reversion: committed 2 order(s) as 0x2f8bb1360f722400b3b7b3d8…  tx 0xa28735695f…
e4311 oracle: ETH 2,490.83 · BTC 83,072.00 · ZEN 6.369  tx 0x10c625f5d6…
e4311 momentum: proof 14,592 B verified on chain, NAV 990,793.79 USDC  tx 0xa44389081a…
e4311 mean-reversion: proof 14,592 B verified on chain, NAV 950,847.15 USDC  tx 0xc7e1f9cb13…
e4312 momentum: committed 2 order(s) as 0x20fc9ede0715b59c4ec6de2d0ed3fb…  tx 0x4d5668c452…
e4312 mean-reversion: committed 2 order(s) as 0x25f91d92d0d1ba8ac5abe8c8…  tx 0x8fe4a64436…
e4312 oracle: ETH 2,492.10 · BTC 83,154.00 · ZEN 6.373  tx 0xc259c79f5e…
e4312 momentum: proof 14,592 B verified on chain, NAV 991,032.83 USDC  tx 0xd0a2d8bad2…
e4312 mean-reversion: proof 14,592 B verified on chain, NAV 951,003.79 USDC  tx 0x50f133f699…
e4313 momentum: committed 2 order(s) as 0x25e686ad75fd8e3455f7c883705675…  tx 0x4739e705b1…
e4313 mean-reversion: committed 2 order(s) as 0x05bf5ff1ea994caf84dc41d9…  tx 0x86011d1602…
e4313 oracle: ETH 2,491.84 · BTC 83,142.00 · ZEN 6.378  tx 0xdb7423af6d…
e4313 momentum: proof 14,592 B verified on chain, NAV 990,968.44 USDC  tx 0x7f3f424843…
e4313 mean-reversion: proof 14,592 B verified on chain, NAV 951,067.56 USDC  tx 0x2794d49797…
e4314 momentum: committed 2 order(s) as 0x146c963b48164596dea3ac3381edce…  tx 0x119050913d…
e4314 mean-reversion: committed 2 order(s) as 0x1e6fb323aeae80b62fe42270…  tx 0x74890d685f…
e4314 oracle: ETH 2,492.40 · BTC 83,126.00 · ZEN 6.388  tx 0xfea2938b3c…
e4314 momentum: proof 14,592 B verified on chain, NAV 990,979.64 USDC  tx 0x3998c8f760…
e4314 mean-reversion: proof 14,592 B verified on chain, NAV 951,178.60 USDC  tx 0x9522358253…
e4315 momentum: committed 2 order(s) as 0x0629964d912f93c7561bb87f0bf46b…  tx 0x5ddcc6ce7f…
e4315 mean-reversion: committed 2 order(s) as 0x09628a93440bba152a37fb2b…  tx 0x9539f5cf12…
e4315 oracle: ETH 2,497.74 · BTC 83,212.00 · ZEN 6.400  tx 0x101bc3ddfb…
e4315 momentum: proof 14,592 B verified on chain, NAV 991,530.63 USDC  tx 0xd6a3d05647…
e4315 mean-reversion: proof 14,592 B verified on chain, NAV 951,342.41 USDC  tx 0xd144394b31…
e4316 momentum: committed 2 order(s) as 0x17a9d26e917fb32bae01a030af25e5…  tx 0x46f55e0044…
e4316 mean-reversion: committed 2 order(s) as 0x1956f0491708e97e9f863c4e…  tx 0xa59b21beea…
e4316 oracle: ETH 2,502.90 · BTC 83,304.93 · ZEN 6.416  tx 0x5c8d382309…
e4316 momentum: proof 14,592 B verified on chain, NAV 992,191.80 USDC  tx 0x664211ad8a…
e4316 mean-reversion: proof 14,592 B verified on chain, NAV 951,467.03 USDC  tx 0x0482fb8d0a…
e4317 momentum: committed 1 order(s) as 0x2ea0caa973855202ed04e135a0779c…  tx 0x065a4a7656…
e4317 mean-reversion: committed 2 order(s) as 0x14617644f5303d8a132f28c0…  tx 0x84be8c5793…
Traceback (most recent call last):
  File "/Users/eden/data/real-agama/agama-agentic-vaults/agents/run.py", line 183, in <module>
    epochs(int(sys.argv[2]))
  File "/Users/eden/data/real-agama/agama-agentic-vaults/agents/run.py", line 155, in epochs
    txh = send(oracle, "postPrices(uint64,uint64[4])", e, "[" + ",".join(map(str, px)) + "]", what=f"prices e{e}")
  File "/Users/eden/data/real-agama/agama-agentic-vaults/agents/run.py", line 64, in send
    out = sh("cast", "send", HUB, sig, *map(str, args), "--private-key", key, "--rpc-url", RPC, "--json")
  File "/Users/eden/data/real-agama/agama-agentic-vaults/agents/run.py", line 55, in sh
    raise RuntimeError(r.stderr.strip()[-400:])
RuntimeError: Error: error sending request for url (https://horizen-testnet.rpc.caldera.xyz/http)

Context:
- Error #0: client error (Connect)
- Error #1: Connection reset by peer (os error 54)
