e4116 momentum: committed 2 order(s) as 0x1f8e83e614ad2d1126fe05ee33d126…  tx 0x31e2e7f6b1…
e4116 mean-reversion: committed 2 order(s) as 0x2508c5d3d6b5df6fa640320a…  tx 0x7ea0dd9d52…
e4116 oracle: ETH 2,494.51 · BTC 82,449.99 · ZEN 6.488  tx 0x146f48a5b9…
e4116 momentum: proof 14,592 B verified on chain, NAV 989,251.46 USDC  tx 0xe3136193d6…
e4116 mean-reversion: proof 14,592 B verified on chain, NAV 954,779.96 USDC  tx 0x20d0e0fcc9…
e4117 momentum: committed 2 order(s) as 0x0aa892a0d852857fe0293b1895d8d6…  tx 0xf5890f80dd…
e4117 mean-reversion: committed 2 order(s) as 0x224c1f558e4b8383feb78538…  tx 0x460516c6e9…
e4117 oracle: ETH 2,492.65 · BTC 82,406.00 · ZEN 6.469  tx 0x7f4b622570…
e4117 momentum: proof 14,592 B verified on chain, NAV 989,126.86 USDC  tx 0x0def2b639e…
e4117 mean-reversion: proof 14,592 B verified on chain, NAV 954,239.54 USDC  tx 0x39ce2d70cd…
e4118 momentum: committed 2 order(s) as 0x25d4e00b487c6999cbb66c7957d4e3…  tx 0x00f1256ce8…
e4118 mean-reversion: committed 2 order(s) as 0x1a150917773ccb9df775c37c…  tx 0xb09e286bde…
e4118 oracle: ETH 2,491.97 · BTC 82,374.01 · ZEN 6.469  tx 0x0720dd01f6…
e4118 momentum: proof 14,592 B verified on chain, NAV 989,054.52 USDC  tx 0x878fa4919e…
e4118 mean-reversion: proof 14,592 B verified on chain, NAV 954,148.45 USDC  tx 0xa9b14f8d82…
e4119 momentum: committed 2 order(s) as 0x039b69012db56c66583cdd4a306f16…  tx 0x9a8b09d7e1…
e4119 mean-reversion: committed 1 order(s) as 0x0e7aec86408674ef682138d7…  tx 0x91dc5c7db6…
e4119 oracle: ETH 2,491.32 · BTC 82,338.11 · ZEN 6.468  tx 0xaae63fc124…
e4119 momentum: proof 14,592 B verified on chain, NAV 989,017.16 USDC  tx 0x1dc8ad97c7…
e4119 mean-reversion: proof 14,592 B verified on chain, NAV 954,009.73 USDC  tx 0x380ff917ef…
e4120 momentum: committed 2 order(s) as 0x1086a24f38773adddbaf1fb7a1c353…  tx 0xd5bcfeb154…
e4120 mean-reversion: committed 1 order(s) as 0x15f7f16d8d59351a9a03717e…  tx 0x225354f82b…
e4120 oracle: ETH 2,489.25 · BTC 82,314.00 · ZEN 6.481  tx 0xe0c381ba75…
e4120 momentum: proof 14,592 B verified on chain, NAV 988,981.33 USDC  tx 0x2eb5fca346…
e4120 mean-reversion: proof 14,592 B verified on chain, NAV 954,403.49 USDC  tx 0xce0a91ae84…
e4121 momentum: committed 2 order(s) as 0x19a6441b678d85d743fe4ee6f6322c…  tx 0xaefaf4626d…
e4121 mean-reversion: committed 2 order(s) as 0x21aa367e4e0857cf9bd3f858…  tx 0x2c2dab33b1…
e4121 oracle: ETH 2,488.98 · BTC 82,278.00 · ZEN 6.466  tx 0x5c6da8b2cd…
e4121 momentum: proof 14,592 B verified on chain, NAV 988,974.68 USDC  tx 0x039aa09a82…
e4121 mean-reversion: proof 14,592 B verified on chain, NAV 953,592.88 USDC  tx 0x3a726e7829…
e4122 momentum: committed 2 order(s) as 0x1c34ce52e485b4c74ef8a694278f18…  tx 0x4f314a4a5c…
e4122 mean-reversion: committed 1 order(s) as 0x2046b8a88c959b7b9498f368…  tx 0xbeaa9556d7…
e4122 oracle: ETH 2,485.94 · BTC 82,250.00 · ZEN 6.459  tx 0x03676f55e6…
e4122 momentum: proof 14,592 B verified on chain, NAV 988,962.02 USDC  tx 0x9b5d54d85d…
e4122 mean-reversion: proof 14,592 B verified on chain, NAV 952,944.00 USDC  tx 0x73595aa7bb…
e4123 momentum: committed 2 order(s) as 0x2d7c268e4be33a19bf499b8378bf98…  tx 0xa42e1497e8…
e4123 mean-reversion: committed 1 order(s) as 0x19848423adf7241730031f3f…  tx 0xa47cb9abe6…
e4123 oracle: ETH 2,488.59 · BTC 82,294.97 · ZEN 6.462  tx 0xa46e8b166a…
e4123 momentum: proof 14,592 B verified on chain, NAV 988,968.21 USDC  tx 0xf38e5917ec…
e4123 mean-reversion: proof 14,592 B verified on chain, NAV 953,454.46 USDC  tx 0x98b5fc6605…
e4124 momentum: committed 2 order(s) as 0x13374dd066510e9b8975f908753976…  tx 0x711357244d…
e4124 mean-reversion: committed 2 order(s) as 0x1d6ae534203fab71b80902b9…  tx 0x03dae3e65e…
e4124 oracle: ETH 2,487.69 · BTC 82,269.01 · ZEN 6.463  tx 0xa2da52a22f…
e4124 momentum: proof 14,592 B verified on chain, NAV 988,966.98 USDC  tx 0x5ae93dd592…
e4124 mean-reversion: proof 14,592 B verified on chain, NAV 953,385.33 USDC  tx 0x1e7a7750f2…
e4125 momentum: committed 2 order(s) as 0x238fc776d4cb04d6f12dee42361654…  tx 0x2973898602…
e4125 mean-reversion: committed 2 order(s) as 0x2fd44e4c6b4a56285a9aeedc…  tx 0xb4b4c2bed0…
e4125 oracle: ETH 2,488.24 · BTC 82,274.74 · ZEN 6.460  tx 0x9463cfaa8d…
e4125 momentum: proof 14,592 B verified on chain, NAV 988,996.31 USDC  tx 0x99638630d1…
e4125 mean-reversion: proof 14,592 B verified on chain, NAV 953,279.61 USDC  tx 0x1fc1c44da5…
e4126 momentum: committed 2 order(s) as 0x2fbec460c58116b2493c0b5edd5736…  tx 0x6ac5b301f8…
e4126 mean-reversion: committed 2 order(s) as 0x243362de60a0e2f695de1e78…  tx 0x61e224bc32…
e4126 oracle: ETH 2,490.54 · BTC 82,321.03 · ZEN 6.485  tx 0xd8cc5201d8…
e4126 momentum: proof 14,592 B verified on chain, NAV 989,071.23 USDC  tx 0x073ae3a9ca…
e4126 mean-reversion: proof 14,592 B verified on chain, NAV 954,448.81 USDC  tx 0xe58410048b…
e4127 momentum: committed 2 order(s) as 0x030e27311593e2f192954c32b536a9…  tx 0x007791fb01…
e4127 mean-reversion: committed 2 order(s) as 0x05c43135d4aebbaada85e9b7…  tx 0x95db3955e5…
e4127 oracle: ETH 2,488.66 · BTC 82,284.02 · ZEN 6.461  tx 0xa9edc9404b…
e4127 momentum: proof 14,592 B verified on chain, NAV 988,891.28 USDC  tx 0xd757f4f0fb…
e4127 mean-reversion: proof 14,592 B verified on chain, NAV 953,041.14 USDC  tx 0xa0a9f781da…
e4128 momentum: committed 2 order(s) as 0x27cf17d0097218153097f08d34644b…  tx 0x7756a502ce…
e4128 mean-reversion: committed 2 order(s) as 0x1cc884de36efc4097545fe53…  tx 0x40c0a8ff1f…
e4128 oracle: ETH 2,491.19 · BTC 82,358.01 · ZEN 6.478  tx 0x9a66166cac…
e4128 momentum: proof 14,592 B verified on chain, NAV 989,366.62 USDC  tx 0xd556c0c8b2…
e4128 mean-reversion: proof 14,592 B verified on chain, NAV 953,777.31 USDC  tx 0xc6aa0b9939…
e4129 momentum: committed 2 order(s) as 0x2f5770e091a2585920aa456028bb6c…  tx 0x255aea2283…
e4129 mean-reversion: committed 2 order(s) as 0x13bf1df0310bdc80cba4f222…  tx 0x8503c51330…
e4129 oracle: ETH 2,491.87 · BTC 82,361.50 · ZEN 6.474  tx 0x5f9870b683…
e4129 momentum: proof 14,592 B verified on chain, NAV 989,405.80 USDC  tx 0xc4bfa31d95…
e4129 mean-reversion: proof 14,592 B verified on chain, NAV 953,643.89 USDC  tx 0xb208548661…
e4130 momentum: committed 2 order(s) as 0x082b7ddebc1fd2e243d7b825d2639f…  tx 0x12948c0221…
e4130 mean-reversion: committed 2 order(s) as 0x06df229911f3fe8e55b5de4b…  tx 0xc30593e02f…
e4130 oracle: ETH 2,492.86 · BTC 82,406.00 · ZEN 6.481  tx 0x7122bdb74a…
e4130 momentum: proof 14,592 B verified on chain, NAV 989,614.99 USDC  tx 0x957a75e5ae…
e4130 mean-reversion: proof 14,592 B verified on chain, NAV 953,955.76 USDC  tx 0x36d2413f5c…
e4131 momentum: committed 2 order(s) as 0x19f7e8e1104a7b75ea405527349e10…  tx 0x97f7bb0376…
e4131 mean-reversion: committed 2 order(s) as 0x0669e2196b6ae880fba2b0f6…  tx 0xb460036eaf…
e4131 oracle: ETH 2,495.88 · BTC 82,524.68 · ZEN 6.494  tx 0x4c02077bc7…
e4131 momentum: proof 14,592 B verified on chain, NAV 990,469.41 USDC  tx 0xd6550c3799…
e4131 mean-reversion: proof 14,592 B verified on chain, NAV 954,770.26 USDC  tx 0xba29623263…
e4132 momentum: committed 0 order(s) as 0x28c3d94ebe696d0a5062c3d3552ac2…  tx 0x58b04ecd62…
e4132 mean-reversion: committed 2 order(s) as 0x1d80053f266b83c7315de09d…  tx 0xc7306ca544…
e4132 oracle: ETH 2,493.00 · BTC 82,442.97 · ZEN 6.488  tx 0x8132badee7…
e4132 momentum: proof 14,592 B verified on chain, NAV 989,725.82 USDC  tx 0x3572861284…
e4132 mean-reversion: proof 14,592 B verified on chain, NAV 954,472.31 USDC  tx 0xeb536ae344…
e4133 momentum: committed 2 order(s) as 0x125181bc25c41e58d25468ece52b08…  tx 0xc7dd525786…
e4133 mean-reversion: committed 2 order(s) as 0x0000db21f37502f2a9af687b…  tx 0x01a1b98fd2…
e4133 oracle: ETH 2,495.53 · BTC 82,478.00 · ZEN 6.492  tx 0x62fe0ab8d4…
e4133 momentum: proof 14,592 B verified on chain, NAV 990,224.58 USDC  tx 0x69c14ebeb4…
e4133 mean-reversion: proof 14,592 B verified on chain, NAV 954,617.68 USDC  tx 0xafb499d867…
e4134 momentum: committed 2 order(s) as 0x252d02280c8feeace6da5b15078e2a…  tx 0xa2c49d594e…
e4134 mean-reversion: committed 2 order(s) as 0x1796a5c84c81c6827d903b96…  tx 0x65d4033027…
e4134 oracle: ETH 2,496.91 · BTC 82,532.62 · ZEN 6.503  tx 0xcbdb9a1199…
e4134 momentum: proof 14,592 B verified on chain, NAV 990,435.24 USDC  tx 0xd071981961…
e4134 mean-reversion: proof 14,592 B verified on chain, NAV 954,881.06 USDC  tx 0x2aed0248af…
e4135 momentum: committed 2 order(s) as 0x097e4f4548db4e3b3d6c11258dce6d…  tx 0xd8de7750f8…
e4135 mean-reversion: committed 2 order(s) as 0x1fa062f9bc88039c97872f51…  tx 0xfde2f0a379…
e4135 oracle: ETH 2,496.49 · BTC 82,519.12 · ZEN 6.478  tx 0x4c88d8361a…
e4135 momentum: proof 14,592 B verified on chain, NAV 990,344.81 USDC  tx 0x48a52a01e2…
e4135 mean-reversion: proof 14,592 B verified on chain, NAV 954,607.12 USDC  tx 0x839e9e39e4…
e4136 momentum: committed 2 order(s) as 0x2c03bef866c6b64d849702d17737e2…  tx 0x7efc165b80…
e4136 mean-reversion: committed 2 order(s) as 0x2b0c262984c14c29db735991…  tx 0x7caf5a54ce…
e4136 oracle: ETH 2,498.37 · BTC 82,565.87 · ZEN 6.479  tx 0xf9db5f198b…
e4136 momentum: proof 14,592 B verified on chain, NAV 990,802.18 USDC  tx 0x0ae87a717e…
e4136 mean-reversion: proof 14,592 B verified on chain, NAV 954,671.64 USDC  tx 0xad24aee732…
e4137 momentum: committed 2 order(s) as 0x0e3db78a2449332ad5d8c3587d4a90…  tx 0x164887215f…
e4137 mean-reversion: committed 2 order(s) as 0x2ec2ac53607398d72215c81f…  tx 0x685b8172d4…
e4137 oracle: ETH 2,498.91 · BTC 82,594.01 · ZEN 6.485  tx 0xa7943a7948…
e4137 momentum: proof 14,592 B verified on chain, NAV 990,898.76 USDC  tx 0xf4ec25f691…
e4137 mean-reversion: proof 14,592 B verified on chain, NAV 954,833.95 USDC  tx 0x89b31e832d…
e4138 momentum: committed 2 order(s) as 0x0cf10e7f40268d5eb1462280ebb311…  tx 0xe20735d426…
e4138 mean-reversion: committed 2 order(s) as 0x10114284f4aae22ee1b1ce6e…  tx 0x086c5664fe…
e4138 oracle: ETH 2,494.46 · BTC 82,470.00 · ZEN 6.488  tx 0x3cb4551c4f…
e4138 momentum: proof 14,592 B verified on chain, NAV 990,004.13 USDC  tx 0xd87f980f3d…
e4138 mean-reversion: proof 14,592 B verified on chain, NAV 954,904.10 USDC  tx 0x80b818e868…
e4139 momentum: committed 2 order(s) as 0x02f485d7a77f4262351fd70a1d6b2d…  tx 0xbe5f971af3…
e4139 mean-reversion: committed 2 order(s) as 0x12ced5d1ef0fe2fd3da0aadf…  tx 0x54fc1cff67…
e4139 oracle: ETH 2,496.59 · BTC 82,517.78 · ZEN 6.496  tx 0x977549ab9a…
e4139 momentum: proof 14,592 B verified on chain, NAV 990,500.38 USDC  tx 0xee71ac63c1…
e4139 mean-reversion: proof 14,592 B verified on chain, NAV 955,335.74 USDC  tx 0x9062e9978c…
e4140 momentum: committed 2 order(s) as 0x1f0e58a7894cd073664b6fbd6581b1…  tx 0xac64b91f43…
e4140 mean-reversion: committed 2 order(s) as 0x11b9d7a91d5fbadf9a14a475…  tx 0x7344397888…
e4140 oracle: ETH 2,496.31 · BTC 82,486.56 · ZEN 6.485  tx 0x7fbbf4792c…
e4140 momentum: proof 14,592 B verified on chain, NAV 990,415.40 USDC  tx 0xfbb7a27177…
e4140 mean-reversion: proof 14,592 B verified on chain, NAV 954,941.89 USDC  tx 0xb031d8ace2…
e4141 momentum: committed 2 order(s) as 0x0c0a94dfb1c209868126eefd67936d…  tx 0x8ce0587419…
e4141 mean-reversion: committed 2 order(s) as 0x2bfe5145dacef4c82f59fdb2…  tx 0xaeefa05982…
e4141 oracle: ETH 2,490.81 · BTC 82,369.99 · ZEN 6.470  tx 0x809aae1433…
e4141 momentum: proof 14,592 B verified on chain, NAV 989,430.86 USDC  tx 0x7379ad6cbd…
e4141 mean-reversion: proof 14,592 B verified on chain, NAV 954,022.04 USDC  tx 0x8a11151d11…
e4142 momentum: committed 2 order(s) as 0x0d8a3b6c0223bfba8e85de866bfc3a…  tx 0xc5788d795d…
e4142 mean-reversion: committed 2 order(s) as 0x2b5dd9b967d45662b239034f…  tx 0x8b8e07cc23…
e4142 oracle: ETH 2,490.48 · BTC 82,341.51 · ZEN 6.460  tx 0x0d06ac9263…
e4142 momentum: proof 14,592 B verified on chain, NAV 989,365.88 USDC  tx 0xb8680c7d95…
e4142 mean-reversion: proof 14,592 B verified on chain, NAV 953,564.75 USDC  tx 0xefa4dedf33…
e4143 momentum: committed 2 order(s) as 0x2724ce55a1a9bf4f08c7ff0a7defa9…  tx 0x8009ff62fb…
e4143 mean-reversion: committed 1 order(s) as 0x09903a64f22104658d029624…  tx 0xbd5a97f8c8…
e4143 oracle: ETH 2,491.69 · BTC 82,381.77 · ZEN 6.464  tx 0x596f762455…
e4143 momentum: proof 14,592 B verified on chain, NAV 989,432.08 USDC  tx 0xbc8b3f9142…
e4143 mean-reversion: proof 14,592 B verified on chain, NAV 953,933.39 USDC  tx 0x54334ac5d5…
e4144 momentum: committed 2 order(s) as 0x20855c87e8a86759de5f5362fd97d9…  tx 0xf575401fc1…
e4144 mean-reversion: committed 0 order(s) as 0x0c08540bb01cadbc3a4fa0cc…  tx 0x59957b14e4…
e4144 oracle: ETH 2,492.27 · BTC 82,385.52 · ZEN 6.463  tx 0x1107e8b8e2…
e4144 momentum: proof 14,592 B verified on chain, NAV 989,441.54 USDC  tx 0xccec375034…
e4144 mean-reversion: proof 14,592 B verified on chain, NAV 953,959.48 USDC  tx 0x007caaf076…
e4145 momentum: committed 2 order(s) as 0x1c2f7320fb57ee08353e78cefd192a…  tx 0x152c4775de…
e4145 mean-reversion: committed 1 order(s) as 0x06e962883ba8f03694ca2d64…  tx 0xf7721393fb…
e4145 oracle: ETH 2,492.24 · BTC 82,380.01 · ZEN 6.457  tx 0x61f6503014…
e4145 momentum: proof 14,592 B verified on chain, NAV 989,431.05 USDC  tx 0xfe462a777c…
e4145 mean-reversion: proof 14,592 B verified on chain, NAV 953,645.48 USDC  tx 0xf33e07ab29…
e4146 momentum: committed 2 order(s) as 0x281d509d4eccbe868b58ef9b8ca2fe…  tx 0x1bfaa366b9…
e4146 mean-reversion: committed 2 order(s) as 0x1f093e06689aedd795772352…  tx 0x90cfc27ca0…
e4146 oracle: ETH 2,494.01 · BTC 82,421.94 · ZEN 6.471  tx 0x010eb39937…
e4146 momentum: proof 14,592 B verified on chain, NAV 989,713.75 USDC  tx 0x717dc05ca1…
e4146 mean-reversion: proof 14,592 B verified on chain, NAV 954,526.96 USDC  tx 0xa422ed08d2…
e4147 momentum: committed 2 order(s) as 0x21fd4158df1fe6300d3838966ffeb7…  tx 0x9a899a3218…
e4147 mean-reversion: committed 2 order(s) as 0x233d7853573609cb687b16ed…  tx 0xa99a82f629…
e4147 oracle: ETH 2,494.90 · BTC 82,448.01 · ZEN 6.470  tx 0x675c74aa78…
e4147 momentum: proof 14,592 B verified on chain, NAV 989,791.84 USDC  tx 0x7372c5a750…
e4147 mean-reversion: proof 14,592 B verified on chain, NAV 954,528.29 USDC  tx 0x90d443f675…
