e4318 momentum: committed 1 order(s) as 0x171e8ee15630321607d498c0d8c84a…  tx 0xa939e716ff…
e4318 mean-reversion: committed 2 order(s) as 0x26aa7ebd8c6d416f9359980d…  tx 0x7663cb5866…
e4318 oracle: ETH 2,491.50 · BTC 83,081.48 · ZEN 6.388  tx 0x80d37b210e…
e4318 momentum: proof 14,592 B verified on chain, NAV 990,108.61 USDC  tx 0xc60772f3dc…
e4318 mean-reversion: proof 14,592 B verified on chain, NAV 951,304.72 USDC  tx 0x26ef91833f…
e4319 momentum: committed 2 order(s) as 0x1f47526b1f9cfe2ba32a52ca7e6ab9…  tx 0x272c95d4a4…
e4319 mean-reversion: committed 2 order(s) as 0x2f59acb17fd17e060ed75b00…  tx 0x91de590789…
e4319 oracle: ETH 2,488.83 · BTC 82,984.00 · ZEN 6.364  tx 0x8492bd4aa0…
e4319 momentum: proof 14,592 B verified on chain, NAV 989,403.73 USDC  tx 0x35f2440af2…
e4319 mean-reversion: proof 14,592 B verified on chain, NAV 951,245.77 USDC  tx 0x22745f4866…
e4320 momentum: committed 2 order(s) as 0x274a056823f98d6da34cb0d5446e51…  tx 0x08cae40c61…
e4320 mean-reversion: committed 2 order(s) as 0x2f53ce371b38abc5ffc9e9e3…  tx 0xf7b3584aea…
e4320 oracle: ETH 2,493.14 · BTC 83,064.01 · ZEN 6.393  tx 0x39d0f3cf3b…
e4320 momentum: proof 14,592 B verified on chain, NAV 989,840.18 USDC  tx 0x0447858ff0…
e4320 mean-reversion: proof 14,592 B verified on chain, NAV 952,067.71 USDC  tx 0xe2f5c46f07…
e4321 momentum: committed 2 order(s) as 0x17c2118e2944ef6a1d0dde1c95dd5a…  tx 0x262a620ade…
e4321 mean-reversion: committed 2 order(s) as 0x0b0e3181eadbb27509dd2cf1…  tx 0xf3c99f0aee…
e4321 oracle: ETH 2,489.35 · BTC 82,955.23 · ZEN 6.373  tx 0x19abe5ed4c…
e4321 momentum: proof 14,592 B verified on chain, NAV 989,615.38 USDC  tx 0xae41abdee5…
e4321 mean-reversion: proof 14,592 B verified on chain, NAV 950,903.19 USDC  tx 0x3a58e5be5c…
e4322 momentum: committed 2 order(s) as 0x19184751baeda884daaaebae684998…  tx 0xba838c02bf…
e4322 mean-reversion: committed 2 order(s) as 0x08a743fd90e12460e879ac05…  tx 0xa1b6d94054…
e4322 oracle: ETH 2,491.96 · BTC 83,036.17 · ZEN 6.392  tx 0x44af0e7ed6…
e4322 momentum: proof 14,592 B verified on chain, NAV 989,975.43 USDC  tx 0x3a8c39ecf0…
e4322 mean-reversion: proof 14,592 B verified on chain, NAV 951,748.90 USDC  tx 0x0d74d8a988…
e4323 momentum: committed 2 order(s) as 0x16941d3915fcbcfd89009c7b59f0dd…  tx 0x03178d6d32…
e4323 mean-reversion: committed 2 order(s) as 0x10944a31a6ba80e164ec8a2d…  tx 0x53ff307620…
e4323 oracle: ETH 2,493.44 · BTC 83,060.01 · ZEN 6.394  tx 0xd93d380dc9…
e4323 momentum: proof 14,592 B verified on chain, NAV 990,054.92 USDC  tx 0x9d1f62eb33…
e4323 mean-reversion: proof 14,592 B verified on chain, NAV 952,036.37 USDC  tx 0xd3b8b7d880…
e4324 momentum: committed 2 order(s) as 0x2221ef4931edba5b6e1b66c3655ee5…  tx 0x02e8345c96…
e4324 mean-reversion: committed 2 order(s) as 0x10e625da154dd668ce66eacb…  tx 0x373a34f1cc…
e4324 oracle: ETH 2,492.83 · BTC 83,084.61 · ZEN 6.390  tx 0xd57d2ae528…
e4324 momentum: proof 14,592 B verified on chain, NAV 990,062.51 USDC  tx 0x0e3dad3f4f…
e4324 mean-reversion: proof 14,592 B verified on chain, NAV 951,862.53 USDC  tx 0x09c912fd0b…
