e3838 momentum: committed 2 order(s) as 0x07ec82d408bb66a3092cb4ea36aedc…  tx 0x86bfcf4912…
e3838 mean-reversion: committed 2 order(s) as 0x1c78f98be9128a67a97eab1d…  tx 0xec8e100567…
e3838 oracle: ETH 2,528.82 · BTC 82,582.01 · ZEN 6.550  tx 0xb34531e4c8…
e3838 momentum: proof 14,592 B verified on chain, NAV 987,360.39 USDC  tx 0x40a53118b1…
e3838 mean-reversion: proof 14,592 B verified on chain, NAV 957,308.98 USDC  tx 0x275cc0c784…
e3839 momentum: committed 2 order(s) as 0x1e2a42e27ed61ff169dd06b77bfe1f…  tx 0x6dbe75ee97…
e3839 mean-reversion: committed 2 order(s) as 0x08dd1e1eb129bc6d6b09f5d8…  tx 0xf124b83dca…
e3839 oracle: ETH 2,527.55 · BTC 82,514.01 · ZEN 6.550  tx 0xb6232c5d96…
e3839 momentum: proof 14,592 B verified on chain, NAV 987,252.33 USDC  tx 0xa9889c44d6…
e3839 mean-reversion: proof 14,592 B verified on chain, NAV 957,176.94 USDC  tx 0x82f115b8e2…
e3840 momentum: committed 2 order(s) as 0x04b4243fe307ef34f4f244f4909c73…  tx 0x65a401dadb…
e3840 mean-reversion: committed 1 order(s) as 0x2eebd60adcb25d71fbdbb199…  tx 0x540f95981c…
e3840 oracle: ETH 2,529.92 · BTC 82,609.05 · ZEN 6.552  tx 0x3855020bc8…
e3840 momentum: proof 14,592 B verified on chain, NAV 987,336.70 USDC  tx 0x27dc570788…
e3840 mean-reversion: proof 14,592 B verified on chain, NAV 957,593.27 USDC  tx 0xeb5e11bc42…
e3841 momentum: committed 2 order(s) as 0x08658d7597ff16b776e45b8b901127…  tx 0x51596caf3c…
e3841 mean-reversion: committed 0 order(s) as 0x2fa68481d666358cd35e440e…  tx 0xe57fee743c…
e3841 oracle: ETH 2,531.63 · BTC 82,684.01 · ZEN 6.554  tx 0xa26ad7fe2f…
e3841 momentum: proof 14,592 B verified on chain, NAV 987,368.78 USDC  tx 0x7ee1d8327c…
e3841 mean-reversion: proof 14,592 B verified on chain, NAV 957,922.22 USDC  tx 0x29c9fe46a8…
e3842 momentum: committed 2 order(s) as 0x06a846f8c8cbb7f25f33daa083bdea…  tx 0x813cc7fe29…
e3842 mean-reversion: committed 2 order(s) as 0x2c18955cbc15572e9a311728…  tx 0xb4607103d9…
e3842 oracle: ETH 2,531.07 · BTC 82,688.01 · ZEN 6.550  tx 0x96b82f03b5…
e3842 momentum: proof 14,592 B verified on chain, NAV 987,348.58 USDC  tx 0xf4bed29b6a…
e3842 mean-reversion: proof 14,592 B verified on chain, NAV 957,643.38 USDC  tx 0xdc6d8c25f9…
e3843 momentum: committed 2 order(s) as 0x0dcfb73ed3db444abc9c6d484b2ac8…  tx 0x49185528a0…
e3843 mean-reversion: committed 2 order(s) as 0x1fa74628a1ca70be6c769658…  tx 0xc56d767ed0…
e3843 oracle: ETH 2,530.97 · BTC 82,674.01 · ZEN 6.551  tx 0x921812e39d…
e3843 momentum: proof 14,592 B verified on chain, NAV 987,302.96 USDC  tx 0xf7b98ef026…
e3843 mean-reversion: proof 14,592 B verified on chain, NAV 957,668.65 USDC  tx 0xf7659998ed…
e3844 momentum: committed 2 order(s) as 0x01676d8d893b80090da50c51f83a1b…  tx 0x7f4a5eb2b7…
e3844 mean-reversion: committed 1 order(s) as 0x0ed352305ae7f1e70cd21583…  tx 0xcaefdfe621…
e3844 oracle: ETH 2,534.73 · BTC 82,770.00 · ZEN 6.559  tx 0x6c5c873402…
e3844 momentum: proof 14,592 B verified on chain, NAV 987,832.41 USDC  tx 0xf7aecbba1d…
e3844 mean-reversion: proof 14,592 B verified on chain, NAV 958,299.52 USDC  tx 0xc930c4b0b8…
e3845 momentum: committed 2 order(s) as 0x2e2fad1c55316fe3a97df039bde4e1…  tx 0x231ad07263…
e3845 mean-reversion: committed 2 order(s) as 0x143b891cbdb87da455fa44f3…  tx 0x139c394074…
e3845 oracle: ETH 2,529.50 · BTC 82,626.50 · ZEN 6.533  tx 0x04c06931aa…
e3845 momentum: proof 14,592 B verified on chain, NAV 987,445.02 USDC  tx 0x23330b3e2c…
e3845 mean-reversion: proof 14,592 B verified on chain, NAV 956,763.66 USDC  tx 0x3a007b6fd0…
e3846 momentum: committed 2 order(s) as 0x01c734c76ed08abcdb81ca3dfaad6e…  tx 0x1a988a9b2f…
e3846 mean-reversion: committed 2 order(s) as 0x0b258981e538d7f090efbc43…  tx 0xd6d239afda…
e3846 oracle: ETH 2,525.87 · BTC 82,502.01 · ZEN 6.487  tx 0x197e3318c4…
e3846 momentum: proof 14,592 B verified on chain, NAV 986,838.28 USDC  tx 0x94a5be74e2…
e3846 mean-reversion: proof 14,592 B verified on chain, NAV 955,099.35 USDC  tx 0xe2b642c733…
e3847 momentum: committed 2 order(s) as 0x1bcd1751f4f6f4d46c6169c89f9989…  tx 0x282c46fffa…
e3847 mean-reversion: committed 2 order(s) as 0x2317c397459bd732011e1a8b…  tx 0x5adeedb652…
e3847 oracle: ETH 2,522.85 · BTC 82,428.00 · ZEN 6.469  tx 0x5b058992f3…
e3847 momentum: proof 14,592 B verified on chain, NAV 986,631.92 USDC  tx 0xbee368f9e7…
e3847 mean-reversion: proof 14,592 B verified on chain, NAV 953,954.86 USDC  tx 0xa27d55f4d9…
e3848 momentum: committed 2 order(s) as 0x0f9a804beab66e9bb8a91dbccea666…  tx 0x4ad502b190…
e3848 mean-reversion: committed 2 order(s) as 0x2d15832355a0eef673af0880…  tx 0xa668072142…
e3848 oracle: ETH 2,518.85 · BTC 82,348.00 · ZEN 6.441  tx 0x57f5825ca1…
e3848 momentum: proof 14,592 B verified on chain, NAV 986,509.30 USDC  tx 0x244e7aa3da…
e3848 mean-reversion: proof 14,592 B verified on chain, NAV 952,029.07 USDC  tx 0x1e4ea1c3c8…
e3849 momentum: committed 2 order(s) as 0x1a6bc94dda5cab564582d369cb01b5…  tx 0x01f2449d4f…
e3849 mean-reversion: committed 1 order(s) as 0x04b3bb9c64e73b23843f2fff…  tx 0x6de32e5122…
e3849 oracle: ETH 2,514.88 · BTC 82,294.69 · ZEN 6.376  tx 0x148495a3b8…
e3849 momentum: proof 14,592 B verified on chain, NAV 986,458.60 USDC  tx 0xee724c5a7f…
e3849 mean-reversion: proof 14,592 B verified on chain, NAV 948,148.82 USDC  tx 0xdb951b1a20…
e3850 momentum: committed 2 order(s) as 0x2b4d0ab8bced6030752e9602846194…  tx 0x2f5d7fcd0f…
e3850 mean-reversion: committed 1 order(s) as 0x2a8d21a2b3846d040b1a952b…  tx 0x6614e5be2e…
e3850 oracle: ETH 2,508.17 · BTC 82,090.39 · ZEN 6.338  tx 0x8244ef9487…
e3850 momentum: proof 14,592 B verified on chain, NAV 986,393.53 USDC  tx 0x032e72f878…
e3850 mean-reversion: proof 14,592 B verified on chain, NAV 945,294.95 USDC  tx 0x2911641696…
e3851 momentum: committed 2 order(s) as 0x2105f22deecde96e392bfa30121eb0…  tx 0x15fc631d80…
e3851 mean-reversion: committed 1 order(s) as 0x0a6533e1756897180b74c6c0…  tx 0x4c451b1c88…
e3851 oracle: ETH 2,497.39 · BTC 81,985.64 · ZEN 6.296  tx 0xed707fb847…
e3851 momentum: proof 14,592 B verified on chain, NAV 986,363.01 USDC  tx 0xf41177d615…
e3851 mean-reversion: proof 14,592 B verified on chain, NAV 941,682.30 USDC  tx 0x9e0f9129fc…
e3852 momentum: committed 2 order(s) as 0x19d859842d276daaf9c062c6b949e5…  tx 0xf2a9cd231e…
e3852 mean-reversion: committed 1 order(s) as 0x0103f9a2a836e9a77bce6e8e…  tx 0x495df486ee…
e3852 oracle: ETH 2,478.84 · BTC 81,647.30 · ZEN 6.222  tx 0xff915159d7…
e3852 momentum: proof 14,592 B verified on chain, NAV 986,329.06 USDC  tx 0x243f90e654…
e3852 mean-reversion: proof 14,592 B verified on chain, NAV 935,364.41 USDC  tx 0x9e700756ea…
e3853 momentum: committed 2 order(s) as 0x10a2e5d04ca969f4a722e3ef576018…  tx 0x5ab04b153f…
e3853 mean-reversion: committed 1 order(s) as 0x04b1909fd0ec56eed2cd4e1a…  tx 0x96d814c670…
e3853 oracle: ETH 2,464.22 · BTC 81,463.37 · ZEN 6.174  tx 0xf574d9bc31…
e3853 momentum: proof 14,592 B verified on chain, NAV 986,317.69 USDC  tx 0x01369d980a…
e3853 mean-reversion: proof 14,592 B verified on chain, NAV 930,916.79 USDC  tx 0xb5898ecf50…
e3854 momentum: committed 2 order(s) as 0x13c9913211f9cd8913a31a2d2d2632…  tx 0x558bd21742…
e3854 mean-reversion: committed 1 order(s) as 0x0afc6901cab6459522d67520…  tx 0x02f6a865e6…
e3854 oracle: ETH 2,466.74 · BTC 81,456.01 · ZEN 6.189  tx 0x887586cafb…
e3854 momentum: proof 14,592 B verified on chain, NAV 986,318.20 USDC  tx 0xc6e3f2929b…
e3854 mean-reversion: proof 14,592 B verified on chain, NAV 932,039.54 USDC  tx 0xee91c87c46…
e3855 momentum: committed 2 order(s) as 0x149375c375084410639af01239d68b…  tx 0xc30fc8846e…
e3855 mean-reversion: committed 0 order(s) as 0x13a7b2643597240d16dde512…  tx 0x9f0a864bb8…
e3855 oracle: ETH 2,458.51 · BTC 81,316.41 · ZEN 6.165  tx 0x4d9b3ae14a…
e3855 momentum: proof 14,592 B verified on chain, NAV 986,316.38 USDC  tx 0x28024495d7…
e3855 mean-reversion: proof 14,592 B verified on chain, NAV 929,683.79 USDC  tx 0xae1f9db2ce…
e3856 momentum: committed 2 order(s) as 0x11a3eb0b5d9a25c67486bb78c06bc9…  tx 0xc207051274…
e3856 mean-reversion: committed 2 order(s) as 0x12e5292da21b29649429336b…  tx 0xeb2ea8baa6…
e3856 oracle: ETH 2,454.67 · BTC 81,213.99 · ZEN 6.115  tx 0x07001d4776…
e3856 momentum: proof 14,592 B verified on chain, NAV 986,162.07 USDC  tx 0x65bdc290aa…
e3856 mean-reversion: proof 14,592 B verified on chain, NAV 926,536.94 USDC  tx 0xfce8dd6f8b…
e3857 momentum: committed 2 order(s) as 0x1f459d8a053bf320ac92d84c2fad24…  tx 0xe7d986180b…
e3857 mean-reversion: committed 1 order(s) as 0x2b1b4a76a4594faabebc76df…  tx 0x851e43d839…
e3857 oracle: ETH 2,437.40 · BTC 81,000.00 · ZEN 6.042  tx 0xfdf1b95219…
e3857 momentum: proof 14,592 B verified on chain, NAV 985,815.46 USDC  tx 0xff1e7c39c8…
e3857 mean-reversion: proof 14,592 B verified on chain, NAV 920,398.27 USDC  tx 0xc6f3f33f6c…
e3858 momentum: committed 2 order(s) as 0x17c31cc4c877d836e3df6dd79479ea…  tx 0xc40435c1bf…
e3858 mean-reversion: committed 1 order(s) as 0x2e44bc41062f0a13bdd0e97d…  tx 0x7e752a0608…
e3858 oracle: ETH 2,450.88 · BTC 81,185.37 · ZEN 6.101  tx 0x91bd026a17…
e3858 momentum: proof 14,592 B verified on chain, NAV 985,950.75 USDC  tx 0xb3256d3d23…
e3858 mean-reversion: proof 14,592 B verified on chain, NAV 925,311.24 USDC  tx 0x0ccad1bcd3…
e3859 momentum: committed 2 order(s) as 0x2df35ca6a8785f37eeb965df150753…  tx 0x540ef5d302…
e3859 mean-reversion: committed 1 order(s) as 0x17dadca05afd15c7e764c921…  tx 0x1399144080…
e3859 oracle: ETH 2,450.28 · BTC 81,211.63 · ZEN 6.082  tx 0x54285bfe02…
e3859 momentum: proof 14,592 B verified on chain, NAV 985,947.75 USDC  tx 0x8227e80fbb…
e3859 mean-reversion: proof 14,592 B verified on chain, NAV 924,218.81 USDC  tx 0x1b2c81cfcb…
e3860 momentum: committed 2 order(s) as 0x0db4ed301f6c61a5ae75dec65294a4…  tx 0x02e01e1ef9…
e3860 mean-reversion: committed 1 order(s) as 0x18d94de6c0df30dcdafec3e7…  tx 0x87e9445b84…
e3860 oracle: ETH 2,452.91 · BTC 81,220.00 · ZEN 6.088  tx 0x8054157001…
e3860 momentum: proof 14,592 B verified on chain, NAV 986,076.90 USDC  tx 0xbad1f3c128…
e3860 mean-reversion: proof 14,592 B verified on chain, NAV 924,770.77 USDC  tx 0x5713c9d16c…
e3861 momentum: committed 2 order(s) as 0x2c5d0e20d09b2364f32b23ebf56882…  tx 0xd37a76c04e…
e3861 mean-reversion: committed 2 order(s) as 0x1b4a6fdbfb37e1881052de27…  tx 0x66c1f6649c…
e3861 oracle: ETH 2,455.62 · BTC 81,436.62 · ZEN 6.100  tx 0xb5365c3555…
e3861 momentum: proof 14,592 B verified on chain, NAV 986,664.35 USDC  tx 0x58c3ecf1af…
e3861 mean-reversion: proof 14,592 B verified on chain, NAV 925,569.98 USDC  tx 0x0eba3e913f…
e3862 momentum: committed 2 order(s) as 0x14b7138559cac02434a68a98632538…  tx 0xa2b17a5616…
e3862 mean-reversion: committed 2 order(s) as 0x224cf5d04dddb6b2ecac1815…  tx 0x3b746f3a81…
e3862 oracle: ETH 2,450.22 · BTC 81,380.00 · ZEN 6.086  tx 0x4043d0e89d…
e3862 momentum: proof 14,592 B verified on chain, NAV 986,118.85 USDC  tx 0xc802d06d0d…
e3862 mean-reversion: proof 14,592 B verified on chain, NAV 924,860.59 USDC  tx 0xe879239907…
e3863 momentum: committed 2 order(s) as 0x16dcc545fff9eacfe6563f1524f034…  tx 0x8527be8b99…
e3863 mean-reversion: committed 2 order(s) as 0x117c9d96cfb92251d440cf23…  tx 0x71f2a01c1d…
e3863 oracle: ETH 2,438.27 · BTC 81,143.49 · ZEN 6.032  tx 0x63bf2314fd…
e3863 momentum: proof 14,592 B verified on chain, NAV 983,885.07 USDC  tx 0x287daf59f1…
e3863 mean-reversion: proof 14,592 B verified on chain, NAV 923,268.57 USDC  tx 0xbd55b327cf…
e3864 momentum: committed 2 order(s) as 0x0f50f87e91f1626f2a0b8def317ebc…  tx 0x75448c1ac5…
e3864 mean-reversion: committed 2 order(s) as 0x29dffd816623fbcb9ad89877…  tx 0x302014dc35…
e3864 oracle: ETH 2,433.51 · BTC 81,037.00 · ZEN 6.024  tx 0x8b8a5cdea8…
e3864 momentum: proof 14,592 B verified on chain, NAV 983,414.14 USDC  tx 0xd9aa170c34…
e3864 mean-reversion: proof 14,592 B verified on chain, NAV 922,578.01 USDC  tx 0xf221f69173…
e3865 momentum: committed 2 order(s) as 0x15d996cd3c46e7cb93149aea37d0da…  tx 0x7b30890ef6…
e3865 mean-reversion: committed 2 order(s) as 0x22905ef08b6dd0625b6da9f8…  tx 0x4290ee7397…
e3865 oracle: ETH 2,433.98 · BTC 81,069.94 · ZEN 6.016  tx 0x8dc8b0d98d…
e3865 momentum: proof 14,592 B verified on chain, NAV 983,461.16 USDC  tx 0xdbd9ef24d4…
e3865 mean-reversion: proof 14,592 B verified on chain, NAV 922,206.14 USDC  tx 0x6d465bea14…
e3866 momentum: committed 2 order(s) as 0x06dc13bffe1c51e705dd029aeeb37e…  tx 0xd0cb6734e3…
e3866 mean-reversion: committed 1 order(s) as 0x043fff182711029dc9bf4459…  tx 0xc36ab5a74c…
e3866 oracle: ETH 2,429.28 · BTC 81,051.13 · ZEN 6.007  tx 0x8474e98f78…
e3866 momentum: proof 14,592 B verified on chain, NAV 983,390.68 USDC  tx 0xcfef2930eb…
e3866 mean-reversion: proof 14,592 B verified on chain, NAV 921,100.08 USDC  tx 0x5355047a3f…
e3867 momentum: committed 2 order(s) as 0x25c7cb82d080eb8783b58217ea2b81…  tx 0x056960367d…
e3867 mean-reversion: committed 2 order(s) as 0x1e940835c8991e3ba3bfcac3…  tx 0x7ed459efca…
e3867 oracle: ETH 2,429.42 · BTC 81,030.87 · ZEN 5.995  tx 0xa69ff0d37d…
e3867 momentum: proof 14,592 B verified on chain, NAV 983,362.82 USDC  tx 0x300f02a9d5…
e3867 mean-reversion: proof 14,592 B verified on chain, NAV 920,474.83 USDC  tx 0x765ffea812…
e3868 momentum: committed 2 order(s) as 0x009a51d80245d89706792073613eb0…  tx 0x49c11e5e5b…
e3868 mean-reversion: committed 1 order(s) as 0x2b2f13cef10d83497921efe1…  tx 0x1699472145…
e3868 oracle: ETH 2,436.09 · BTC 81,242.47 · ZEN 6.077  tx 0x2e6ad40634…
e3868 momentum: proof 14,592 B verified on chain, NAV 983,724.94 USDC  tx 0xb7d052c17f…
e3868 mean-reversion: proof 14,592 B verified on chain, NAV 925,760.78 USDC  tx 0xbcb21346c6…
e3869 momentum: committed 2 order(s) as 0x2052a50fd8b992f92618407b06f715…  tx 0xbde7bd0d47…
e3869 mean-reversion: committed 2 order(s) as 0x01002cc610c5918814dd348e…  tx 0x60be634c7a…
e3869 oracle: ETH 2,428.57 · BTC 81,072.87 · ZEN 6.042  tx 0xc9ea214ea3…
e3869 momentum: proof 14,592 B verified on chain, NAV 983,146.31 USDC  tx 0xfdb7f21382…
e3869 mean-reversion: proof 14,592 B verified on chain, NAV 922,881.95 USDC  tx 0x089dad329c…
e3870 momentum: committed 2 order(s) as 0x12373c5a26ac3cfde57130b8983cb8…  tx 0x1a242ea966…
e3870 mean-reversion: committed 2 order(s) as 0x063b1043df4e672f0f4deebc…  tx 0xc06358c368…
e3870 oracle: ETH 2,421.04 · BTC 80,961.31 · ZEN 6.032  tx 0xc77a164204…
e3870 momentum: proof 14,592 B verified on chain, NAV 982,153.14 USDC  tx 0x559be6ba6c…
e3870 mean-reversion: proof 14,592 B verified on chain, NAV 921,857.49 USDC  tx 0x6060a27ce7…
e3871 momentum: committed 2 order(s) as 0x0898cd0e2a313d79bdd4ef599319e7…  tx 0xc6c4f5676e…
e3871 mean-reversion: committed 2 order(s) as 0x15ace29ca43cc8b41d4d61ba…  tx 0xeef8524c87…
e3871 oracle: ETH 2,435.29 · BTC 81,360.65 · ZEN 6.122  tx 0x69a2341451…
e3871 momentum: proof 14,592 B verified on chain, NAV 983,247.85 USDC  tx 0xdc87852f8e…
e3871 mean-reversion: proof 14,592 B verified on chain, NAV 925,902.36 USDC  tx 0xd722970a50…
e3872 momentum: committed 2 order(s) as 0x061436bcba9999681422db4845c313…  tx 0x187d9fa079…
e3872 mean-reversion: committed 2 order(s) as 0x00ffd980644249cd5f5b5bfd…  tx 0x2208abdb06…
e3872 oracle: ETH 2,432.03 · BTC 81,326.39 · ZEN 6.098  tx 0x1e6b8ed77c…
e3872 momentum: proof 14,592 B verified on chain, NAV 983,146.14 USDC  tx 0xbe01d2db64…
e3872 mean-reversion: proof 14,592 B verified on chain, NAV 924,436.20 USDC  tx 0x583c72d570…
e3873 momentum: committed 2 order(s) as 0x291c60677ebca89d57d2a22367feec…  tx 0xaf56752cd3…
e3873 mean-reversion: committed 2 order(s) as 0x03d38f84bd2c3100c04a20d1…  tx 0x55950e3e77…
e3873 oracle: ETH 2,431.11 · BTC 81,338.13 · ZEN 6.101  tx 0xb820303463…
e3873 momentum: proof 14,592 B verified on chain, NAV 983,103.29 USDC  tx 0xa9d82ff14d…
e3873 mean-reversion: proof 14,592 B verified on chain, NAV 924,440.44 USDC  tx 0xe106efa30b…
e3874 momentum: committed 2 order(s) as 0x2a0be5bc37273f23106ea1396a1c05…  tx 0xbcef6cb30d…
e3874 mean-reversion: committed 2 order(s) as 0x0e0803f75a76c2890646db6a…  tx 0x46b432712f…
e3874 oracle: ETH 2,431.23 · BTC 81,336.00 · ZEN 6.104  tx 0xa6d90a8571…
e3874 momentum: proof 14,592 B verified on chain, NAV 983,105.60 USDC  tx 0xb5637aa719…
e3874 mean-reversion: proof 14,592 B verified on chain, NAV 924,504.86 USDC  tx 0x6f1a0cb2ed…
e3875 momentum: committed 2 order(s) as 0x06d73cf98e976e0f7ff1db1800b0b2…  tx 0x0c553cebd1…
e3875 mean-reversion: committed 2 order(s) as 0x2e565a92ccdc24f0b58facbb…  tx 0x567473a66a…
e3875 oracle: ETH 2,424.98 · BTC 81,178.00 · ZEN 6.073  tx 0x1c6f1bf65f…
e3875 momentum: proof 14,592 B verified on chain, NAV 982,681.56 USDC  tx 0x10fdf536b7…
e3875 mean-reversion: proof 14,592 B verified on chain, NAV 923,863.22 USDC  tx 0x5c7a84d179…
e3876 momentum: committed 2 order(s) as 0x269472af38cf3b2ce571c18acc7753…  tx 0xe7869d9ff6…
e3876 mean-reversion: committed 2 order(s) as 0x08d0f47125b39a2c924610d1…  tx 0x2ac8c75f20…
e3876 oracle: ETH 2,428.04 · BTC 81,266.57 · ZEN 6.082  tx 0x7861d78a4b…
e3876 momentum: proof 14,592 B verified on chain, NAV 982,946.14 USDC  tx 0x3d12905ce8…
e3876 mean-reversion: proof 14,592 B verified on chain, NAV 924,414.53 USDC  tx 0x67763ab869…
e3877 momentum: committed 2 order(s) as 0x0409cae304bb49f43b113fe0ef0ef5…  tx 0x751454bad6…
e3877 mean-reversion: committed 1 order(s) as 0x07c6ae031e9ba12a874de67f…  tx 0x0facec18e2…
e3877 oracle: ETH 2,429.86 · BTC 81,252.01 · ZEN 6.083  tx 0x2622257e3d…
e3877 momentum: proof 14,592 B verified on chain, NAV 982,990.89 USDC  tx 0x5772fe0461…
e3877 mean-reversion: proof 14,592 B verified on chain, NAV 924,707.89 USDC  tx 0x03eafa8915…
